------------------------------------------------------------
Timing Analyzer Summary
------------------------------------------------------------

Type  : Slow 1200mV 85C Model Setup 'YSINCVGA:I3|VSINC'
Slack : -9.467
TNS   : -3134.915

Type  : Slow 1200mV 85C Model Setup 'YSINCVGA:I3|EDO.IDLE'
Slack : -4.830
TNS   : -4.830

Type  : Slow 1200mV 85C Model Setup 'DIVFREC:I0|FF'
Slack : -4.352
TNS   : -38.415

Type  : Slow 1200mV 85C Model Setup 'CONTMOD800:I1|Q[0]'
Slack : -1.097
TNS   : -6.077

Type  : Slow 1200mV 85C Model Setup 'CLK'
Slack : -1.013
TNS   : -1.013

Type  : Slow 1200mV 85C Model Hold 'YSINCVGA:I3|VSINC'
Slack : 0.323
TNS   : 0.000

Type  : Slow 1200mV 85C Model Hold 'CONTMOD800:I1|Q[0]'
Slack : 0.341
TNS   : 0.000

Type  : Slow 1200mV 85C Model Hold 'DIVFREC:I0|FF'
Slack : 0.341
TNS   : 0.000

Type  : Slow 1200mV 85C Model Hold 'CLK'
Slack : 0.899
TNS   : 0.000

Type  : Slow 1200mV 85C Model Hold 'YSINCVGA:I3|EDO.IDLE'
Slack : 4.471
TNS   : 0.000

Type  : Slow 1200mV 85C Model Recovery 'DIVFREC:I0|FF'
Slack : -5.001
TNS   : -43.285

Type  : Slow 1200mV 85C Model Recovery 'CONTMOD800:I1|Q[0]'
Slack : -3.086
TNS   : -26.927

Type  : Slow 1200mV 85C Model Removal 'DIVFREC:I0|FF'
Slack : 1.250
TNS   : 0.000

Type  : Slow 1200mV 85C Model Removal 'CONTMOD800:I1|Q[0]'
Slack : 1.916
TNS   : 0.000

Type  : Slow 1200mV 85C Model Minimum Pulse Width 'CLK'
Slack : -3.000
TNS   : -4.403

Type  : Slow 1200mV 85C Model Minimum Pulse Width 'YSINCVGA:I3|VSINC'
Slack : -1.403
TNS   : -610.305

Type  : Slow 1200mV 85C Model Minimum Pulse Width 'DIVFREC:I0|FF'
Slack : -1.403
TNS   : -28.060

Type  : Slow 1200mV 85C Model Minimum Pulse Width 'CONTMOD800:I1|Q[0]'
Slack : -1.403
TNS   : -14.030

Type  : Slow 1200mV 85C Model Minimum Pulse Width 'YSINCVGA:I3|EDO.IDLE'
Slack : 0.416
TNS   : 0.000

Type  : Slow 1200mV 0C Model Setup 'YSINCVGA:I3|VSINC'
Slack : -8.559
TNS   : -2822.880

Type  : Slow 1200mV 0C Model Setup 'YSINCVGA:I3|EDO.IDLE'
Slack : -4.394
TNS   : -4.394

Type  : Slow 1200mV 0C Model Setup 'DIVFREC:I0|FF'
Slack : -3.941
TNS   : -33.294

Type  : Slow 1200mV 0C Model Setup 'CONTMOD800:I1|Q[0]'
Slack : -0.939
TNS   : -4.877

Type  : Slow 1200mV 0C Model Setup 'CLK'
Slack : -0.864
TNS   : -0.864

Type  : Slow 1200mV 0C Model Hold 'YSINCVGA:I3|VSINC'
Slack : 0.290
TNS   : 0.000

Type  : Slow 1200mV 0C Model Hold 'CONTMOD800:I1|Q[0]'
Slack : 0.306
TNS   : 0.000

Type  : Slow 1200mV 0C Model Hold 'DIVFREC:I0|FF'
Slack : 0.306
TNS   : 0.000

Type  : Slow 1200mV 0C Model Hold 'CLK'
Slack : 0.813
TNS   : 0.000

Type  : Slow 1200mV 0C Model Hold 'YSINCVGA:I3|EDO.IDLE'
Slack : 4.145
TNS   : 0.000

Type  : Slow 1200mV 0C Model Recovery 'DIVFREC:I0|FF'
Slack : -4.604
TNS   : -39.800

Type  : Slow 1200mV 0C Model Recovery 'CONTMOD800:I1|Q[0]'
Slack : -2.740
TNS   : -23.884

Type  : Slow 1200mV 0C Model Removal 'DIVFREC:I0|FF'
Slack : 1.131
TNS   : 0.000

Type  : Slow 1200mV 0C Model Removal 'CONTMOD800:I1|Q[0]'
Slack : 1.738
TNS   : 0.000

Type  : Slow 1200mV 0C Model Minimum Pulse Width 'CLK'
Slack : -3.000
TNS   : -4.403

Type  : Slow 1200mV 0C Model Minimum Pulse Width 'YSINCVGA:I3|VSINC'
Slack : -1.403
TNS   : -610.305

Type  : Slow 1200mV 0C Model Minimum Pulse Width 'DIVFREC:I0|FF'
Slack : -1.403
TNS   : -28.060

Type  : Slow 1200mV 0C Model Minimum Pulse Width 'CONTMOD800:I1|Q[0]'
Slack : -1.403
TNS   : -14.030

Type  : Slow 1200mV 0C Model Minimum Pulse Width 'YSINCVGA:I3|EDO.IDLE'
Slack : 0.426
TNS   : 0.000

Type  : Fast 1200mV 0C Model Setup 'YSINCVGA:I3|VSINC'
Slack : -3.332
TNS   : -1055.328

Type  : Fast 1200mV 0C Model Setup 'YSINCVGA:I3|EDO.IDLE'
Slack : -1.999
TNS   : -1.999

Type  : Fast 1200mV 0C Model Setup 'DIVFREC:I0|FF'
Slack : -1.562
TNS   : -12.424

Type  : Fast 1200mV 0C Model Setup 'CLK'
Slack : -0.185
TNS   : -0.185

Type  : Fast 1200mV 0C Model Setup 'CONTMOD800:I1|Q[0]'
Slack : 0.123
TNS   : 0.000

Type  : Fast 1200mV 0C Model Hold 'YSINCVGA:I3|VSINC'
Slack : 0.141
TNS   : 0.000

Type  : Fast 1200mV 0C Model Hold 'DIVFREC:I0|FF'
Slack : 0.148
TNS   : 0.000

Type  : Fast 1200mV 0C Model Hold 'CONTMOD800:I1|Q[0]'
Slack : 0.149
TNS   : 0.000

Type  : Fast 1200mV 0C Model Hold 'CLK'
Slack : 0.391
TNS   : 0.000

Type  : Fast 1200mV 0C Model Hold 'YSINCVGA:I3|EDO.IDLE'
Slack : 2.430
TNS   : 0.000

Type  : Fast 1200mV 0C Model Recovery 'DIVFREC:I0|FF'
Slack : -1.624
TNS   : -13.110

Type  : Fast 1200mV 0C Model Recovery 'CONTMOD800:I1|Q[0]'
Slack : -0.784
TNS   : -5.899

Type  : Fast 1200mV 0C Model Removal 'DIVFREC:I0|FF'
Slack : 0.332
TNS   : 0.000

Type  : Fast 1200mV 0C Model Removal 'CONTMOD800:I1|Q[0]'
Slack : 0.788
TNS   : 0.000

Type  : Fast 1200mV 0C Model Minimum Pulse Width 'CLK'
Slack : -3.000
TNS   : -4.000

Type  : Fast 1200mV 0C Model Minimum Pulse Width 'YSINCVGA:I3|VSINC'
Slack : -1.000
TNS   : -435.000

Type  : Fast 1200mV 0C Model Minimum Pulse Width 'DIVFREC:I0|FF'
Slack : -1.000
TNS   : -20.000

Type  : Fast 1200mV 0C Model Minimum Pulse Width 'CONTMOD800:I1|Q[0]'
Slack : -1.000
TNS   : -10.000

Type  : Fast 1200mV 0C Model Minimum Pulse Width 'YSINCVGA:I3|EDO.IDLE'
Slack : 0.462
TNS   : 0.000

------------------------------------------------------------
